------------------------------------------------------------
Timing Analyzer Summary
------------------------------------------------------------

Type  : Slow 1200mV 85C Model Setup 'clk_div:U_CLK_DIV|temp_clk'
Slack : -1.644
TNS   : -32.838

Type  : Slow 1200mV 85C Model Setup 'clk50MHz'
Slack : -1.281
TNS   : -1.281

Type  : Slow 1200mV 85C Model Hold 'clk50MHz'
Slack : 0.337
TNS   : 0.000

Type  : Slow 1200mV 85C Model Hold 'clk_div:U_CLK_DIV|temp_clk'
Slack : 0.404
TNS   : 0.000

Type  : Slow 1200mV 85C Model Minimum Pulse Width 'clk50MHz'
Slack : -3.000
TNS   : -5.444

Type  : Slow 1200mV 85C Model Minimum Pulse Width 'clk_div:U_CLK_DIV|temp_clk'
Slack : -1.222
TNS   : -34.216

Type  : Slow 1200mV 0C Model Setup 'clk_div:U_CLK_DIV|temp_clk'
Slack : -1.435
TNS   : -27.755

Type  : Slow 1200mV 0C Model Setup 'clk50MHz'
Slack : -1.052
TNS   : -1.052

Type  : Slow 1200mV 0C Model Hold 'clk50MHz'
Slack : 0.307
TNS   : 0.000

Type  : Slow 1200mV 0C Model Hold 'clk_div:U_CLK_DIV|temp_clk'
Slack : 0.365
TNS   : 0.000

Type  : Slow 1200mV 0C Model Minimum Pulse Width 'clk50MHz'
Slack : -3.000
TNS   : -5.444

Type  : Slow 1200mV 0C Model Minimum Pulse Width 'clk_div:U_CLK_DIV|temp_clk'
Slack : -1.222
TNS   : -34.216

Type  : Fast 1200mV 0C Model Setup 'clk50MHz'
Slack : -0.443
TNS   : -0.443

Type  : Fast 1200mV 0C Model Setup 'clk_div:U_CLK_DIV|temp_clk'
Slack : -0.244
TNS   : -2.388

Type  : Fast 1200mV 0C Model Hold 'clk50MHz'
Slack : 0.152
TNS   : 0.000

Type  : Fast 1200mV 0C Model Hold 'clk_div:U_CLK_DIV|temp_clk'
Slack : 0.183
TNS   : 0.000

Type  : Fast 1200mV 0C Model Minimum Pulse Width 'clk50MHz'
Slack : -3.000
TNS   : -5.054

Type  : Fast 1200mV 0C Model Minimum Pulse Width 'clk_div:U_CLK_DIV|temp_clk'
Slack : -1.000
TNS   : -28.000

------------------------------------------------------------
