------------------------------------------------------------
Timing Analyzer Summary
------------------------------------------------------------

Type  : Slow 1200mV 85C Model Setup 'vga:U_VGA|clk_div:clk_div|temp_clk'
Slack : -3.762
TNS   : -192.128

Type  : Slow 1200mV 85C Model Setup 'clk_div:U_CLK_DIV|temp_clk'
Slack : -3.511
TNS   : -106.215

Type  : Slow 1200mV 85C Model Setup 'clkDE10'
Slack : -1.749
TNS   : -1.749

Type  : Slow 1200mV 85C Model Hold 'vga:U_VGA|clk_div:clk_div|temp_clk'
Slack : 0.310
TNS   : 0.000

Type  : Slow 1200mV 85C Model Hold 'clkDE10'
Slack : 0.342
TNS   : 0.000

Type  : Slow 1200mV 85C Model Hold 'clk_div:U_CLK_DIV|temp_clk'
Slack : 0.543
TNS   : 0.000

Type  : Slow 1200mV 85C Model Minimum Pulse Width 'vga:U_VGA|clk_div:clk_div|temp_clk'
Slack : -1.222
TNS   : -78.208

Type  : Slow 1200mV 85C Model Minimum Pulse Width 'clk_div:U_CLK_DIV|temp_clk'
Slack : -1.222
TNS   : -67.210

Type  : Slow 1200mV 85C Model Minimum Pulse Width 'clkDE10'
Slack : 9.634
TNS   : 0.000

Type  : Slow 1200mV 0C Model Setup 'vga:U_VGA|clk_div:clk_div|temp_clk'
Slack : -3.327
TNS   : -168.611

Type  : Slow 1200mV 0C Model Setup 'clk_div:U_CLK_DIV|temp_clk'
Slack : -3.080
TNS   : -91.322

Type  : Slow 1200mV 0C Model Setup 'clkDE10'
Slack : -1.457
TNS   : -1.457

Type  : Slow 1200mV 0C Model Hold 'vga:U_VGA|clk_div:clk_div|temp_clk'
Slack : 0.281
TNS   : 0.000

Type  : Slow 1200mV 0C Model Hold 'clkDE10'
Slack : 0.312
TNS   : 0.000

Type  : Slow 1200mV 0C Model Hold 'clk_div:U_CLK_DIV|temp_clk'
Slack : 0.500
TNS   : 0.000

Type  : Slow 1200mV 0C Model Minimum Pulse Width 'vga:U_VGA|clk_div:clk_div|temp_clk'
Slack : -1.222
TNS   : -78.208

Type  : Slow 1200mV 0C Model Minimum Pulse Width 'clk_div:U_CLK_DIV|temp_clk'
Slack : -1.222
TNS   : -67.210

Type  : Slow 1200mV 0C Model Minimum Pulse Width 'clkDE10'
Slack : 9.659
TNS   : 0.000

Type  : Fast 1200mV 0C Model Setup 'vga:U_VGA|clk_div:clk_div|temp_clk'
Slack : -1.289
TNS   : -59.949

Type  : Fast 1200mV 0C Model Setup 'clk_div:U_CLK_DIV|temp_clk'
Slack : -1.214
TNS   : -25.174

Type  : Fast 1200mV 0C Model Setup 'clkDE10'
Slack : -0.688
TNS   : -0.688

Type  : Fast 1200mV 0C Model Hold 'vga:U_VGA|clk_div:clk_div|temp_clk'
Slack : 0.142
TNS   : 0.000

Type  : Fast 1200mV 0C Model Hold 'clk_div:U_CLK_DIV|temp_clk'
Slack : 0.150
TNS   : 0.000

Type  : Fast 1200mV 0C Model Hold 'clkDE10'
Slack : 0.156
TNS   : 0.000

Type  : Fast 1200mV 0C Model Minimum Pulse Width 'vga:U_VGA|clk_div:clk_div|temp_clk'
Slack : -1.000
TNS   : -64.000

Type  : Fast 1200mV 0C Model Minimum Pulse Width 'clk_div:U_CLK_DIV|temp_clk'
Slack : -1.000
TNS   : -55.000

Type  : Fast 1200mV 0C Model Minimum Pulse Width 'clkDE10'
Slack : 9.465
TNS   : 0.000

------------------------------------------------------------
