------------------------------------------------------------
Timing Analyzer Summary
------------------------------------------------------------

Type  : Slow 1200mV 85C Model Setup 'vga:U_VGA|clk_div:clk_div|temp_clk'
Slack : -3.493
TNS   : -178.028

Type  : Slow 1200mV 85C Model Setup 'clk_div:U_CLK_DIV|temp_clk'
Slack : -3.200
TNS   : -81.659

Type  : Slow 1200mV 85C Model Setup 'clkDE10'
Slack : -0.863
TNS   : -0.863

Type  : Slow 1200mV 85C Model Hold 'vga:U_VGA|clk_div:clk_div|temp_clk'
Slack : 0.309
TNS   : 0.000

Type  : Slow 1200mV 85C Model Hold 'clk_div:U_CLK_DIV|temp_clk'
Slack : 0.539
TNS   : 0.000

Type  : Slow 1200mV 85C Model Hold 'clkDE10'
Slack : 0.712
TNS   : 0.000

Type  : Slow 1200mV 85C Model Minimum Pulse Width 'vga:U_VGA|clk_div:clk_div|temp_clk'
Slack : -1.222
TNS   : -78.208

Type  : Slow 1200mV 85C Model Minimum Pulse Width 'clk_div:U_CLK_DIV|temp_clk'
Slack : -1.222
TNS   : -61.100

Type  : Slow 1200mV 85C Model Minimum Pulse Width 'clkDE10'
Slack : 9.624
TNS   : 0.000

Type  : Slow 1200mV 0C Model Setup 'vga:U_VGA|clk_div:clk_div|temp_clk'
Slack : -3.095
TNS   : -155.738

Type  : Slow 1200mV 0C Model Setup 'clk_div:U_CLK_DIV|temp_clk'
Slack : -2.842
TNS   : -69.729

Type  : Slow 1200mV 0C Model Setup 'clkDE10'
Slack : -0.710
TNS   : -0.710

Type  : Slow 1200mV 0C Model Hold 'vga:U_VGA|clk_div:clk_div|temp_clk'
Slack : 0.280
TNS   : 0.000

Type  : Slow 1200mV 0C Model Hold 'clk_div:U_CLK_DIV|temp_clk'
Slack : 0.495
TNS   : 0.000

Type  : Slow 1200mV 0C Model Hold 'clkDE10'
Slack : 0.606
TNS   : 0.000

Type  : Slow 1200mV 0C Model Minimum Pulse Width 'vga:U_VGA|clk_div:clk_div|temp_clk'
Slack : -1.222
TNS   : -78.208

Type  : Slow 1200mV 0C Model Minimum Pulse Width 'clk_div:U_CLK_DIV|temp_clk'
Slack : -1.222
TNS   : -61.100

Type  : Slow 1200mV 0C Model Minimum Pulse Width 'clkDE10'
Slack : 9.622
TNS   : 0.000

Type  : Fast 1200mV 0C Model Setup 'vga:U_VGA|clk_div:clk_div|temp_clk'
Slack : -1.144
TNS   : -54.018

Type  : Fast 1200mV 0C Model Setup 'clk_div:U_CLK_DIV|temp_clk'
Slack : -1.118
TNS   : -16.682

Type  : Fast 1200mV 0C Model Setup 'clkDE10'
Slack : -0.152
TNS   : -0.152

Type  : Fast 1200mV 0C Model Hold 'vga:U_VGA|clk_div:clk_div|temp_clk'
Slack : 0.141
TNS   : 0.000

Type  : Fast 1200mV 0C Model Hold 'clk_div:U_CLK_DIV|temp_clk'
Slack : 0.220
TNS   : 0.000

Type  : Fast 1200mV 0C Model Hold 'clkDE10'
Slack : 0.301
TNS   : 0.000

Type  : Fast 1200mV 0C Model Minimum Pulse Width 'vga:U_VGA|clk_div:clk_div|temp_clk'
Slack : -1.000
TNS   : -64.000

Type  : Fast 1200mV 0C Model Minimum Pulse Width 'clk_div:U_CLK_DIV|temp_clk'
Slack : -1.000
TNS   : -50.000

Type  : Fast 1200mV 0C Model Minimum Pulse Width 'clkDE10'
Slack : 9.492
TNS   : 0.000

------------------------------------------------------------
